+ module load nvhpc
++ /usr/share/lmod/lmod/libexec/lmod bash load nvhpc
+ eval 'CC=/opt/packages/nvidia/hpc_sdk//Linux_x86_64/22.9/compilers/bin/nvc;' export 'CC;' '__LMOD_REF_COUNT_CPATH=/opt/packages/nvidia/hpc_sdk/Linux_x86_64/22.9/compilers/extras/qd/include/qd:1\;/opt/packages/nvidia/hpc_sdk/Linux_x86_64/22.9/comm_libs/nvshmem/include:1\;/opt/packages/nvidia/hpc_sdk/Linux_x86_64/22.9/comm_libs/nccl/include:1\;/opt/packages/nvidia/hpc_sdk/Linux_x86_64/22.9/math_libs/include:1;' export '__LMOD_REF_COUNT_CPATH;' 'CPATH=/opt/packages/nvidia/hpc_sdk/Linux_x86_64/22.9/compilers/extras/qd/include/qd:/opt/packages/nvidia/hpc_sdk/Linux_x86_64/22.9/comm_libs/nvshmem/include:/opt/packages/nvidia/hpc_sdk/Linux_x86_64/22.9/comm_libs/nccl/include:/opt/packages/nvidia/hpc_sdk/Linux_x86_64/22.9/math_libs/include;' export 'CPATH;' 'CPP=cpp;' export 'CPP;' 'CXX=/opt/packages/nvidia/hpc_sdk//Linux_x86_64/22.9/compilers/bin/nvc++;' export 'CXX;' 'DEFCUDAVERSION=11.7;' export 'DEFCUDAVERSION;' 'F77=/opt/packages/nvidia/hpc_sdk//Linux_x86_64/22.9/compilers/bin/nvfortran;' export 'F77;' 'F90=/opt/packages/nvidia/hpc_sdk//Linux_x86_64/22.9/compilers/bin/nvfortran;' export 'F90;' 'FC=/opt/packages/nvidia/hpc_sdk//Linux_x86_64/22.9/compilers/bin/nvfortran;' export 'FC;' '__LMOD_REF_COUNT_LD_LIBRARY_PATH=/opt/packages/nvidia/hpc_sdk/Linux_x86_64/22.9/comm_libs/nvshmem/lib:1\;/opt/packages/nvidia/hpc_sdk/Linux_x86_64/22.9/comm_libs/nccl/lib:1\;/opt/packages/nvidia/hpc_sdk/Linux_x86_64/22.9/math_libs/lib64:1\;/opt/packages/nvidia/hpc_sdk/Linux_x86_64/22.9/compilers/lib:1\;/opt/packages/nvidia/hpc_sdk/Linux_x86_64/22.9/compilers/extras/qd/lib:1\;/opt/packages/nvidia/hpc_sdk/Linux_x86_64/22.9/cuda/extras/CUPTI/lib64:1\;/opt/packages/nvidia/hpc_sdk/Linux_x86_64/22.9/cuda/lib64:1\;/ocean/projects/pscstaff/nnepal/conda/envs/cudaq-env/lib:1;' export '__LMOD_REF_COUNT_LD_LIBRARY_PATH;' 'LD_LIBRARY_PATH=/opt/packages/nvidia/hpc_sdk/Linux_x86_64/22.9/comm_libs/nvshmem/lib:/opt/packages/nvidia/hpc_sdk/Linux_x86_64/22.9/comm_libs/nccl/lib:/opt/packages/nvidia/hpc_sdk/Linux_x86_64/22.9/math_libs/lib64:/opt/packages/nvidia/hpc_sdk/Linux_x86_64/22.9/compilers/lib:/opt/packages/nvidia/hpc_sdk/Linux_x86_64/22.9/compilers/extras/qd/lib:/opt/packages/nvidia/hpc_sdk/Linux_x86_64/22.9/cuda/extras/CUPTI/lib64:/opt/packages/nvidia/hpc_sdk/Linux_x86_64/22.9/cuda/lib64:/ocean/projects/pscstaff/nnepal/conda/envs/cudaq-env/lib::;' export 'LD_LIBRARY_PATH;' '__LMOD_REF_COUNT_LOADEDMODULES=allocations/1.0:1\;psc.allocations.user/1.0:1\;anaconda3/2024.10-1:1\;nvhpc/22.9:1;' export '__LMOD_REF_COUNT_LOADEDMODULES;' 'LOADEDMODULES=allocations/1.0:psc.allocations.user/1.0:anaconda3/2024.10-1:nvhpc/22.9;' export 'LOADEDMODULES;' '__LMOD_REF_COUNT_MANPATH=/opt/packages/nvidia/hpc_sdk/Linux_x86_64/22.9/compilers/man:1\;/usr/share/lmod/lmod/share/man:1\;/opt/puppetlabs/puppet/share/man:1\;/opt/packages/anaconda3-2024.10-1/man:1\;/opt/packages/anaconda3-2024.10-1/share/man:1;' export '__LMOD_REF_COUNT_MANPATH;' 'MANPATH=/opt/packages/nvidia/hpc_sdk/Linux_x86_64/22.9/compilers/man:/usr/share/lmod/lmod/share/man::/opt/puppetlabs/puppet/share/man:/opt/packages/anaconda3-2024.10-1/man:/opt/packages/anaconda3-2024.10-1/share/man;' export 'MANPATH;' 'MODULEPATH=/etc/scl/modulefiles:/opt/modulefiles/production:/opt/modulefiles/preproduction:/opt/modulefiles/deprecated:/usr/share/modulefiles:/usr/share/modulefiles/Linux:/usr/share/modulefiles/Core:/usr/share/lmod/lmod/modulefiles/Core:/jet/home/nnepal/softwares/modules_niraj;' export 'MODULEPATH;' 'NVHPC=/opt/packages/nvidia/hpc_sdk/;' export 'NVHPC;' 'NVHPC_ROOT=/opt/packages/nvidia/hpc_sdk//Linux_x86_64/22.9;' export 'NVHPC_ROOT;' '__LMOD_REF_COUNT_PATH=/opt/packages/nvidia/hpc_sdk/Linux_x86_64/22.9/compilers/extras/qd/bin:1\;/opt/packages/nvidia/hpc_sdk/Linux_x86_64/22.9/compilers/bin:1\;/opt/packages/nvidia/hpc_sdk/Linux_x86_64/22.9/cuda/bin:1\;/jet/home/nnepal/softwares/qe-7.3/bin:1\;/jet/home/nnepal/softwares/HTESP/src/bash:1\;/ocean/projects/pscstaff/nnepal/openmx3.9/source:1\;/jet/home/nnepal/.local/bin:1\;/jet/home/nnepal/bin:1\;/opt/packages/anaconda3-2024.10-1/bin:2\;/opt/packages/anaconda3-2024.10-1/condabin:2\;/opt/packages/psc.allocations.user/bin:1\;/opt/packages/allocations/bin:1\;/usr/local/bin:1\;/usr/bin:1\;/usr/local/sbin:1\;/usr/sbin:1\;/opt/packages/interact/bin:1\;/opt/puppetlabs/bin:1;' export '__LMOD_REF_COUNT_PATH;' 'PATH=/opt/packages/nvidia/hpc_sdk/Linux_x86_64/22.9/compilers/extras/qd/bin:/opt/packages/nvidia/hpc_sdk/Linux_x86_64/22.9/compilers/bin:/opt/packages/nvidia/hpc_sdk/Linux_x86_64/22.9/cuda/bin:/jet/home/nnepal/softwares/qe-7.3/bin:/jet/home/nnepal/softwares/HTESP/src/bash:/ocean/projects/pscstaff/nnepal/openmx3.9/source:/jet/home/nnepal/.local/bin:/jet/home/nnepal/bin:/opt/packages/anaconda3-2024.10-1/bin:/opt/packages/anaconda3-2024.10-1/condabin:/opt/packages/psc.allocations.user/bin:/opt/packages/allocations/bin:/usr/local/bin:/usr/bin:/usr/local/sbin:/usr/sbin:/opt/packages/interact/bin:/opt/puppetlabs/bin;' export 'PATH;' '__LMOD_REF_COUNT__LMFILES_=/opt/modulefiles/production/allocations/1.0.lua:1\;/opt/modulefiles/production/psc.allocations.user/1.0.lua:1\;/opt/modulefiles/production/anaconda3/2024.10-1.lua:1\;/opt/modulefiles/production/nvhpc/22.9:1;' export '__LMOD_REF_COUNT__LMFILES_;' '_LMFILES_=/opt/modulefiles/production/allocations/1.0.lua:/opt/modulefiles/production/psc.allocations.user/1.0.lua:/opt/modulefiles/production/anaconda3/2024.10-1.lua:/opt/modulefiles/production/nvhpc/22.9;' export '_LMFILES_;' '_ModuleTable001_=X01vZHVsZVRhYmxlXz17WyJNVHZlcnNpb24iXT0zLFsiY19yZWJ1aWxkVGltZSJdPWZhbHNlLFsiY19zaG9ydFRpbWUiXT1mYWxzZSxkZXB0aFQ9e30sZmFtaWx5PXt9LG1UPXthbGxvY2F0aW9ucz17WyJmbiJdPSIvb3B0L21vZHVsZWZpbGVzL3Byb2R1Y3Rpb24vYWxsb2NhdGlvbnMvMS4wLmx1YSIsWyJmdWxsTmFtZSJdPSJhbGxvY2F0aW9ucy8xLjAiLFsibG9hZE9yZGVyIl09MSxwcm9wVD17fSxbInN0YWNrRGVwdGgiXT0wLFsic3RhdHVzIl09ImFjdGl2ZSIsWyJ1c2VyTmFtZSJdPSJhbGxvY2F0aW9ucyIsfSxhbmFjb25kYTM9e1siZm4iXT0iL29wdC9tb2R1bGVmaWxlcy9wcm9kdWN0aW9uL2FuYWNvbmRhMy8yMDI0LjEwLTEubHVhIixbImZ1bGxOYW1lIl09ImFuYWNv;' export '_ModuleTable001_;' '_ModuleTable002_=bmRhMy8yMDI0LjEwLTEiLFsibG9hZE9yZGVyIl09Myxwcm9wVD17fSxbInN0YWNrRGVwdGgiXT0wLFsic3RhdHVzIl09ImFjdGl2ZSIsWyJ1c2VyTmFtZSJdPSJhbmFjb25kYTMiLH0sbnZocGM9e1siZm4iXT0iL29wdC9tb2R1bGVmaWxlcy9wcm9kdWN0aW9uL252aHBjLzIyLjkiLFsiZnVsbE5hbWUiXT0ibnZocGMvMjIuOSIsWyJsb2FkT3JkZXIiXT00LHByb3BUPXt9LFsic3RhY2tEZXB0aCJdPTAsWyJzdGF0dXMiXT0iYWN0aXZlIixbInVzZXJOYW1lIl09Im52aHBjIix9LFsicHNjLmFsbG9jYXRpb25zLnVzZXIiXT17WyJmbiJdPSIvb3B0L21vZHVsZWZpbGVzL3Byb2R1Y3Rpb24vcHNjLmFsbG9jYXRpb25zLnVzZXIvMS4wLmx1YSIsWyJmdWxsTmFtZSJdPSJwc2MuYWxs;' export '_ModuleTable002_;' '_ModuleTable003_=b2NhdGlvbnMudXNlci8xLjAiLFsibG9hZE9yZGVyIl09Mixwcm9wVD17fSxbInN0YWNrRGVwdGgiXT0wLFsic3RhdHVzIl09ImFjdGl2ZSIsWyJ1c2VyTmFtZSJdPSJwc2MuYWxsb2NhdGlvbnMudXNlciIsfSx9LG1wYXRoQT17Ii9ldGMvc2NsL21vZHVsZWZpbGVzIiwiL29wdC9tb2R1bGVmaWxlcy9wcm9kdWN0aW9uIiwiL29wdC9tb2R1bGVmaWxlcy9wcmVwcm9kdWN0aW9uIiwiL29wdC9tb2R1bGVmaWxlcy9kZXByZWNhdGVkIiwiL3Vzci9zaGFyZS9tb2R1bGVmaWxlcyIsIi91c3Ivc2hhcmUvbW9kdWxlZmlsZXMvTGludXgiLCIvdXNyL3NoYXJlL21vZHVsZWZpbGVzL0NvcmUiLCIvdXNyL3NoYXJlL2xtb2QvbG1vZC9tb2R1bGVmaWxlcy9Db3JlIiwiL2pldC9ob21lL25u;' export '_ModuleTable003_;' '_ModuleTable004_=ZXBhbC9zb2Z0d2FyZXMvbW9kdWxlc19uaXJhaiIsfSxbInN5c3RlbUJhc2VNUEFUSCJdPSIvZXRjL3NjbC9tb2R1bGVmaWxlczovb3B0L21vZHVsZWZpbGVzL3Byb2R1Y3Rpb246L29wdC9tb2R1bGVmaWxlcy9wcmVwcm9kdWN0aW9uOi9vcHQvbW9kdWxlZmlsZXMvZGVwcmVjYXRlZDovdXNyL3NoYXJlL21vZHVsZWZpbGVzOi91c3Ivc2hhcmUvbW9kdWxlZmlsZXMvTGludXg6L3Vzci9zaGFyZS9tb2R1bGVmaWxlcy9Db3JlOi91c3Ivc2hhcmUvbG1vZC9sbW9kL21vZHVsZWZpbGVzL0NvcmUiLH0=;' export '_ModuleTable004_;' '_ModuleTable_Sz_=4;' export '_ModuleTable_Sz_;'
++ CC=/opt/packages/nvidia/hpc_sdk//Linux_x86_64/22.9/compilers/bin/nvc
++ export CC
++ __LMOD_REF_COUNT_CPATH='/opt/packages/nvidia/hpc_sdk/Linux_x86_64/22.9/compilers/extras/qd/include/qd:1;/opt/packages/nvidia/hpc_sdk/Linux_x86_64/22.9/comm_libs/nvshmem/include:1;/opt/packages/nvidia/hpc_sdk/Linux_x86_64/22.9/comm_libs/nccl/include:1;/opt/packages/nvidia/hpc_sdk/Linux_x86_64/22.9/math_libs/include:1'
++ export __LMOD_REF_COUNT_CPATH
++ CPATH=/opt/packages/nvidia/hpc_sdk/Linux_x86_64/22.9/compilers/extras/qd/include/qd:/opt/packages/nvidia/hpc_sdk/Linux_x86_64/22.9/comm_libs/nvshmem/include:/opt/packages/nvidia/hpc_sdk/Linux_x86_64/22.9/comm_libs/nccl/include:/opt/packages/nvidia/hpc_sdk/Linux_x86_64/22.9/math_libs/include
++ export CPATH
++ CPP=cpp
++ export CPP
++ CXX=/opt/packages/nvidia/hpc_sdk//Linux_x86_64/22.9/compilers/bin/nvc++
++ export CXX
++ DEFCUDAVERSION=11.7
++ export DEFCUDAVERSION
++ F77=/opt/packages/nvidia/hpc_sdk//Linux_x86_64/22.9/compilers/bin/nvfortran
++ export F77
++ F90=/opt/packages/nvidia/hpc_sdk//Linux_x86_64/22.9/compilers/bin/nvfortran
++ export F90
++ FC=/opt/packages/nvidia/hpc_sdk//Linux_x86_64/22.9/compilers/bin/nvfortran
++ export FC
++ __LMOD_REF_COUNT_LD_LIBRARY_PATH='/opt/packages/nvidia/hpc_sdk/Linux_x86_64/22.9/comm_libs/nvshmem/lib:1;/opt/packages/nvidia/hpc_sdk/Linux_x86_64/22.9/comm_libs/nccl/lib:1;/opt/packages/nvidia/hpc_sdk/Linux_x86_64/22.9/math_libs/lib64:1;/opt/packages/nvidia/hpc_sdk/Linux_x86_64/22.9/compilers/lib:1;/opt/packages/nvidia/hpc_sdk/Linux_x86_64/22.9/compilers/extras/qd/lib:1;/opt/packages/nvidia/hpc_sdk/Linux_x86_64/22.9/cuda/extras/CUPTI/lib64:1;/opt/packages/nvidia/hpc_sdk/Linux_x86_64/22.9/cuda/lib64:1;/ocean/projects/pscstaff/nnepal/conda/envs/cudaq-env/lib:1'
++ export __LMOD_REF_COUNT_LD_LIBRARY_PATH
++ LD_LIBRARY_PATH=/opt/packages/nvidia/hpc_sdk/Linux_x86_64/22.9/comm_libs/nvshmem/lib:/opt/packages/nvidia/hpc_sdk/Linux_x86_64/22.9/comm_libs/nccl/lib:/opt/packages/nvidia/hpc_sdk/Linux_x86_64/22.9/math_libs/lib64:/opt/packages/nvidia/hpc_sdk/Linux_x86_64/22.9/compilers/lib:/opt/packages/nvidia/hpc_sdk/Linux_x86_64/22.9/compilers/extras/qd/lib:/opt/packages/nvidia/hpc_sdk/Linux_x86_64/22.9/cuda/extras/CUPTI/lib64:/opt/packages/nvidia/hpc_sdk/Linux_x86_64/22.9/cuda/lib64:/ocean/projects/pscstaff/nnepal/conda/envs/cudaq-env/lib::
++ export LD_LIBRARY_PATH
++ __LMOD_REF_COUNT_LOADEDMODULES='allocations/1.0:1;psc.allocations.user/1.0:1;anaconda3/2024.10-1:1;nvhpc/22.9:1'
++ export __LMOD_REF_COUNT_LOADEDMODULES
++ LOADEDMODULES=allocations/1.0:psc.allocations.user/1.0:anaconda3/2024.10-1:nvhpc/22.9
++ export LOADEDMODULES
++ __LMOD_REF_COUNT_MANPATH='/opt/packages/nvidia/hpc_sdk/Linux_x86_64/22.9/compilers/man:1;/usr/share/lmod/lmod/share/man:1;/opt/puppetlabs/puppet/share/man:1;/opt/packages/anaconda3-2024.10-1/man:1;/opt/packages/anaconda3-2024.10-1/share/man:1'
++ export __LMOD_REF_COUNT_MANPATH
++ MANPATH=/opt/packages/nvidia/hpc_sdk/Linux_x86_64/22.9/compilers/man:/usr/share/lmod/lmod/share/man::/opt/puppetlabs/puppet/share/man:/opt/packages/anaconda3-2024.10-1/man:/opt/packages/anaconda3-2024.10-1/share/man
++ export MANPATH
++ MODULEPATH=/etc/scl/modulefiles:/opt/modulefiles/production:/opt/modulefiles/preproduction:/opt/modulefiles/deprecated:/usr/share/modulefiles:/usr/share/modulefiles/Linux:/usr/share/modulefiles/Core:/usr/share/lmod/lmod/modulefiles/Core:/jet/home/nnepal/softwares/modules_niraj
++ export MODULEPATH
++ NVHPC=/opt/packages/nvidia/hpc_sdk/
++ export NVHPC
++ NVHPC_ROOT=/opt/packages/nvidia/hpc_sdk//Linux_x86_64/22.9
++ export NVHPC_ROOT
++ __LMOD_REF_COUNT_PATH='/opt/packages/nvidia/hpc_sdk/Linux_x86_64/22.9/compilers/extras/qd/bin:1;/opt/packages/nvidia/hpc_sdk/Linux_x86_64/22.9/compilers/bin:1;/opt/packages/nvidia/hpc_sdk/Linux_x86_64/22.9/cuda/bin:1;/jet/home/nnepal/softwares/qe-7.3/bin:1;/jet/home/nnepal/softwares/HTESP/src/bash:1;/ocean/projects/pscstaff/nnepal/openmx3.9/source:1;/jet/home/nnepal/.local/bin:1;/jet/home/nnepal/bin:1;/opt/packages/anaconda3-2024.10-1/bin:2;/opt/packages/anaconda3-2024.10-1/condabin:2;/opt/packages/psc.allocations.user/bin:1;/opt/packages/allocations/bin:1;/usr/local/bin:1;/usr/bin:1;/usr/local/sbin:1;/usr/sbin:1;/opt/packages/interact/bin:1;/opt/puppetlabs/bin:1'
++ export __LMOD_REF_COUNT_PATH
++ PATH=/opt/packages/nvidia/hpc_sdk/Linux_x86_64/22.9/compilers/extras/qd/bin:/opt/packages/nvidia/hpc_sdk/Linux_x86_64/22.9/compilers/bin:/opt/packages/nvidia/hpc_sdk/Linux_x86_64/22.9/cuda/bin:/jet/home/nnepal/softwares/qe-7.3/bin:/jet/home/nnepal/softwares/HTESP/src/bash:/ocean/projects/pscstaff/nnepal/openmx3.9/source:/jet/home/nnepal/.local/bin:/jet/home/nnepal/bin:/opt/packages/anaconda3-2024.10-1/bin:/opt/packages/anaconda3-2024.10-1/condabin:/opt/packages/psc.allocations.user/bin:/opt/packages/allocations/bin:/usr/local/bin:/usr/bin:/usr/local/sbin:/usr/sbin:/opt/packages/interact/bin:/opt/puppetlabs/bin
++ export PATH
++ __LMOD_REF_COUNT__LMFILES_='/opt/modulefiles/production/allocations/1.0.lua:1;/opt/modulefiles/production/psc.allocations.user/1.0.lua:1;/opt/modulefiles/production/anaconda3/2024.10-1.lua:1;/opt/modulefiles/production/nvhpc/22.9:1'
++ export __LMOD_REF_COUNT__LMFILES_
++ _LMFILES_=/opt/modulefiles/production/allocations/1.0.lua:/opt/modulefiles/production/psc.allocations.user/1.0.lua:/opt/modulefiles/production/anaconda3/2024.10-1.lua:/opt/modulefiles/production/nvhpc/22.9
++ export _LMFILES_
++ _ModuleTable001_=X01vZHVsZVRhYmxlXz17WyJNVHZlcnNpb24iXT0zLFsiY19yZWJ1aWxkVGltZSJdPWZhbHNlLFsiY19zaG9ydFRpbWUiXT1mYWxzZSxkZXB0aFQ9e30sZmFtaWx5PXt9LG1UPXthbGxvY2F0aW9ucz17WyJmbiJdPSIvb3B0L21vZHVsZWZpbGVzL3Byb2R1Y3Rpb24vYWxsb2NhdGlvbnMvMS4wLmx1YSIsWyJmdWxsTmFtZSJdPSJhbGxvY2F0aW9ucy8xLjAiLFsibG9hZE9yZGVyIl09MSxwcm9wVD17fSxbInN0YWNrRGVwdGgiXT0wLFsic3RhdHVzIl09ImFjdGl2ZSIsWyJ1c2VyTmFtZSJdPSJhbGxvY2F0aW9ucyIsfSxhbmFjb25kYTM9e1siZm4iXT0iL29wdC9tb2R1bGVmaWxlcy9wcm9kdWN0aW9uL2FuYWNvbmRhMy8yMDI0LjEwLTEubHVhIixbImZ1bGxOYW1lIl09ImFuYWNv
++ export _ModuleTable001_
++ _ModuleTable002_=bmRhMy8yMDI0LjEwLTEiLFsibG9hZE9yZGVyIl09Myxwcm9wVD17fSxbInN0YWNrRGVwdGgiXT0wLFsic3RhdHVzIl09ImFjdGl2ZSIsWyJ1c2VyTmFtZSJdPSJhbmFjb25kYTMiLH0sbnZocGM9e1siZm4iXT0iL29wdC9tb2R1bGVmaWxlcy9wcm9kdWN0aW9uL252aHBjLzIyLjkiLFsiZnVsbE5hbWUiXT0ibnZocGMvMjIuOSIsWyJsb2FkT3JkZXIiXT00LHByb3BUPXt9LFsic3RhY2tEZXB0aCJdPTAsWyJzdGF0dXMiXT0iYWN0aXZlIixbInVzZXJOYW1lIl09Im52aHBjIix9LFsicHNjLmFsbG9jYXRpb25zLnVzZXIiXT17WyJmbiJdPSIvb3B0L21vZHVsZWZpbGVzL3Byb2R1Y3Rpb24vcHNjLmFsbG9jYXRpb25zLnVzZXIvMS4wLmx1YSIsWyJmdWxsTmFtZSJdPSJwc2MuYWxs
++ export _ModuleTable002_
++ _ModuleTable003_=b2NhdGlvbnMudXNlci8xLjAiLFsibG9hZE9yZGVyIl09Mixwcm9wVD17fSxbInN0YWNrRGVwdGgiXT0wLFsic3RhdHVzIl09ImFjdGl2ZSIsWyJ1c2VyTmFtZSJdPSJwc2MuYWxsb2NhdGlvbnMudXNlciIsfSx9LG1wYXRoQT17Ii9ldGMvc2NsL21vZHVsZWZpbGVzIiwiL29wdC9tb2R1bGVmaWxlcy9wcm9kdWN0aW9uIiwiL29wdC9tb2R1bGVmaWxlcy9wcmVwcm9kdWN0aW9uIiwiL29wdC9tb2R1bGVmaWxlcy9kZXByZWNhdGVkIiwiL3Vzci9zaGFyZS9tb2R1bGVmaWxlcyIsIi91c3Ivc2hhcmUvbW9kdWxlZmlsZXMvTGludXgiLCIvdXNyL3NoYXJlL21vZHVsZWZpbGVzL0NvcmUiLCIvdXNyL3NoYXJlL2xtb2QvbG1vZC9tb2R1bGVmaWxlcy9Db3JlIiwiL2pldC9ob21lL25u
++ export _ModuleTable003_
++ _ModuleTable004_=ZXBhbC9zb2Z0d2FyZXMvbW9kdWxlc19uaXJhaiIsfSxbInN5c3RlbUJhc2VNUEFUSCJdPSIvZXRjL3NjbC9tb2R1bGVmaWxlczovb3B0L21vZHVsZWZpbGVzL3Byb2R1Y3Rpb246L29wdC9tb2R1bGVmaWxlcy9wcmVwcm9kdWN0aW9uOi9vcHQvbW9kdWxlZmlsZXMvZGVwcmVjYXRlZDovdXNyL3NoYXJlL21vZHVsZWZpbGVzOi91c3Ivc2hhcmUvbW9kdWxlZmlsZXMvTGludXg6L3Vzci9zaGFyZS9tb2R1bGVmaWxlcy9Db3JlOi91c3Ivc2hhcmUvbG1vZC9sbW9kL21vZHVsZWZpbGVzL0NvcmUiLH0=
++ export _ModuleTable004_
++ _ModuleTable_Sz_=4
++ export _ModuleTable_Sz_
++ : -s sh
+ eval
+ ret=0
+ /usr/share/lmod/8.2.7/libexec/log_modules load nvhpc
+ return 0
+ export PATH=/opt/packages/nvidia/hpc_sdk/Linux_x86_64/22.9/compilers/bin:/opt/packages/nvidia/hpc_sdk/Linux_x86_64/22.9/compilers/extras/qd/bin:/opt/packages/nvidia/hpc_sdk/Linux_x86_64/22.9/compilers/bin:/opt/packages/nvidia/hpc_sdk/Linux_x86_64/22.9/cuda/bin:/jet/home/nnepal/softwares/qe-7.3/bin:/jet/home/nnepal/softwares/HTESP/src/bash:/ocean/projects/pscstaff/nnepal/openmx3.9/source:/jet/home/nnepal/.local/bin:/jet/home/nnepal/bin:/opt/packages/anaconda3-2024.10-1/bin:/opt/packages/anaconda3-2024.10-1/condabin:/opt/packages/psc.allocations.user/bin:/opt/packages/allocations/bin:/usr/local/bin:/usr/bin:/usr/local/sbin:/usr/sbin:/opt/packages/interact/bin:/opt/puppetlabs/bin
+ PATH=/opt/packages/nvidia/hpc_sdk/Linux_x86_64/22.9/compilers/bin:/opt/packages/nvidia/hpc_sdk/Linux_x86_64/22.9/compilers/extras/qd/bin:/opt/packages/nvidia/hpc_sdk/Linux_x86_64/22.9/compilers/bin:/opt/packages/nvidia/hpc_sdk/Linux_x86_64/22.9/cuda/bin:/jet/home/nnepal/softwares/qe-7.3/bin:/jet/home/nnepal/softwares/HTESP/src/bash:/ocean/projects/pscstaff/nnepal/openmx3.9/source:/jet/home/nnepal/.local/bin:/jet/home/nnepal/bin:/opt/packages/anaconda3-2024.10-1/bin:/opt/packages/anaconda3-2024.10-1/condabin:/opt/packages/psc.allocations.user/bin:/opt/packages/allocations/bin:/usr/local/bin:/usr/bin:/usr/local/sbin:/usr/sbin:/opt/packages/interact/bin:/opt/puppetlabs/bin
+ export PATH=/opt/packages/nvidia/hpc_sdk/Linux_x86_64/22.9/cuda/bin:/opt/packages/nvidia/hpc_sdk/Linux_x86_64/22.9/compilers/bin:/opt/packages/nvidia/hpc_sdk/Linux_x86_64/22.9/compilers/extras/qd/bin:/opt/packages/nvidia/hpc_sdk/Linux_x86_64/22.9/compilers/bin:/opt/packages/nvidia/hpc_sdk/Linux_x86_64/22.9/cuda/bin:/jet/home/nnepal/softwares/qe-7.3/bin:/jet/home/nnepal/softwares/HTESP/src/bash:/ocean/projects/pscstaff/nnepal/openmx3.9/source:/jet/home/nnepal/.local/bin:/jet/home/nnepal/bin:/opt/packages/anaconda3-2024.10-1/bin:/opt/packages/anaconda3-2024.10-1/condabin:/opt/packages/psc.allocations.user/bin:/opt/packages/allocations/bin:/usr/local/bin:/usr/bin:/usr/local/sbin:/usr/sbin:/opt/packages/interact/bin:/opt/puppetlabs/bin
+ PATH=/opt/packages/nvidia/hpc_sdk/Linux_x86_64/22.9/cuda/bin:/opt/packages/nvidia/hpc_sdk/Linux_x86_64/22.9/compilers/bin:/opt/packages/nvidia/hpc_sdk/Linux_x86_64/22.9/compilers/extras/qd/bin:/opt/packages/nvidia/hpc_sdk/Linux_x86_64/22.9/compilers/bin:/opt/packages/nvidia/hpc_sdk/Linux_x86_64/22.9/cuda/bin:/jet/home/nnepal/softwares/qe-7.3/bin:/jet/home/nnepal/softwares/HTESP/src/bash:/ocean/projects/pscstaff/nnepal/openmx3.9/source:/jet/home/nnepal/.local/bin:/jet/home/nnepal/bin:/opt/packages/anaconda3-2024.10-1/bin:/opt/packages/anaconda3-2024.10-1/condabin:/opt/packages/psc.allocations.user/bin:/opt/packages/allocations/bin:/usr/local/bin:/usr/bin:/usr/local/sbin:/usr/sbin:/opt/packages/interact/bin:/opt/puppetlabs/bin
+ export PATH=/opt/packages/nvidia/hpc_sdk/Linux_x86_64/22.9/comm_libs/openmpi4/openmpi-4.0.5/bin:/opt/packages/nvidia/hpc_sdk/Linux_x86_64/22.9/cuda/bin:/opt/packages/nvidia/hpc_sdk/Linux_x86_64/22.9/compilers/bin:/opt/packages/nvidia/hpc_sdk/Linux_x86_64/22.9/compilers/extras/qd/bin:/opt/packages/nvidia/hpc_sdk/Linux_x86_64/22.9/compilers/bin:/opt/packages/nvidia/hpc_sdk/Linux_x86_64/22.9/cuda/bin:/jet/home/nnepal/softwares/qe-7.3/bin:/jet/home/nnepal/softwares/HTESP/src/bash:/ocean/projects/pscstaff/nnepal/openmx3.9/source:/jet/home/nnepal/.local/bin:/jet/home/nnepal/bin:/opt/packages/anaconda3-2024.10-1/bin:/opt/packages/anaconda3-2024.10-1/condabin:/opt/packages/psc.allocations.user/bin:/opt/packages/allocations/bin:/usr/local/bin:/usr/bin:/usr/local/sbin:/usr/sbin:/opt/packages/interact/bin:/opt/puppetlabs/bin
+ PATH=/opt/packages/nvidia/hpc_sdk/Linux_x86_64/22.9/comm_libs/openmpi4/openmpi-4.0.5/bin:/opt/packages/nvidia/hpc_sdk/Linux_x86_64/22.9/cuda/bin:/opt/packages/nvidia/hpc_sdk/Linux_x86_64/22.9/compilers/bin:/opt/packages/nvidia/hpc_sdk/Linux_x86_64/22.9/compilers/extras/qd/bin:/opt/packages/nvidia/hpc_sdk/Linux_x86_64/22.9/compilers/bin:/opt/packages/nvidia/hpc_sdk/Linux_x86_64/22.9/cuda/bin:/jet/home/nnepal/softwares/qe-7.3/bin:/jet/home/nnepal/softwares/HTESP/src/bash:/ocean/projects/pscstaff/nnepal/openmx3.9/source:/jet/home/nnepal/.local/bin:/jet/home/nnepal/bin:/opt/packages/anaconda3-2024.10-1/bin:/opt/packages/anaconda3-2024.10-1/condabin:/opt/packages/psc.allocations.user/bin:/opt/packages/allocations/bin:/usr/local/bin:/usr/bin:/usr/local/sbin:/usr/sbin:/opt/packages/interact/bin:/opt/puppetlabs/bin
+ export LD_LIBRARY_PATH=/opt/packages/nvidia/hpc_sdk/Linux_x86_64/22.9/comm_libs/openmpi4/openmpi-4.0.5/lib:/opt/packages/nvidia/hpc_sdk/Linux_x86_64/22.9/comm_libs/nvshmem/lib:/opt/packages/nvidia/hpc_sdk/Linux_x86_64/22.9/comm_libs/nccl/lib:/opt/packages/nvidia/hpc_sdk/Linux_x86_64/22.9/math_libs/lib64:/opt/packages/nvidia/hpc_sdk/Linux_x86_64/22.9/compilers/lib:/opt/packages/nvidia/hpc_sdk/Linux_x86_64/22.9/compilers/extras/qd/lib:/opt/packages/nvidia/hpc_sdk/Linux_x86_64/22.9/cuda/extras/CUPTI/lib64:/opt/packages/nvidia/hpc_sdk/Linux_x86_64/22.9/cuda/lib64:/ocean/projects/pscstaff/nnepal/conda/envs/cudaq-env/lib::
+ LD_LIBRARY_PATH=/opt/packages/nvidia/hpc_sdk/Linux_x86_64/22.9/comm_libs/openmpi4/openmpi-4.0.5/lib:/opt/packages/nvidia/hpc_sdk/Linux_x86_64/22.9/comm_libs/nvshmem/lib:/opt/packages/nvidia/hpc_sdk/Linux_x86_64/22.9/comm_libs/nccl/lib:/opt/packages/nvidia/hpc_sdk/Linux_x86_64/22.9/math_libs/lib64:/opt/packages/nvidia/hpc_sdk/Linux_x86_64/22.9/compilers/lib:/opt/packages/nvidia/hpc_sdk/Linux_x86_64/22.9/compilers/extras/qd/lib:/opt/packages/nvidia/hpc_sdk/Linux_x86_64/22.9/cuda/extras/CUPTI/lib64:/opt/packages/nvidia/hpc_sdk/Linux_x86_64/22.9/cuda/lib64:/ocean/projects/pscstaff/nnepal/conda/envs/cudaq-env/lib::
+ export LD_LIBRARY_PATH=/opt/packages/nvidia/hpc_sdk/Linux_x86_64/22.9/cuda/lib64:/opt/packages/nvidia/hpc_sdk/Linux_x86_64/22.9/comm_libs/openmpi4/openmpi-4.0.5/lib:/opt/packages/nvidia/hpc_sdk/Linux_x86_64/22.9/comm_libs/nvshmem/lib:/opt/packages/nvidia/hpc_sdk/Linux_x86_64/22.9/comm_libs/nccl/lib:/opt/packages/nvidia/hpc_sdk/Linux_x86_64/22.9/math_libs/lib64:/opt/packages/nvidia/hpc_sdk/Linux_x86_64/22.9/compilers/lib:/opt/packages/nvidia/hpc_sdk/Linux_x86_64/22.9/compilers/extras/qd/lib:/opt/packages/nvidia/hpc_sdk/Linux_x86_64/22.9/cuda/extras/CUPTI/lib64:/opt/packages/nvidia/hpc_sdk/Linux_x86_64/22.9/cuda/lib64:/ocean/projects/pscstaff/nnepal/conda/envs/cudaq-env/lib::
+ LD_LIBRARY_PATH=/opt/packages/nvidia/hpc_sdk/Linux_x86_64/22.9/cuda/lib64:/opt/packages/nvidia/hpc_sdk/Linux_x86_64/22.9/comm_libs/openmpi4/openmpi-4.0.5/lib:/opt/packages/nvidia/hpc_sdk/Linux_x86_64/22.9/comm_libs/nvshmem/lib:/opt/packages/nvidia/hpc_sdk/Linux_x86_64/22.9/comm_libs/nccl/lib:/opt/packages/nvidia/hpc_sdk/Linux_x86_64/22.9/math_libs/lib64:/opt/packages/nvidia/hpc_sdk/Linux_x86_64/22.9/compilers/lib:/opt/packages/nvidia/hpc_sdk/Linux_x86_64/22.9/compilers/extras/qd/lib:/opt/packages/nvidia/hpc_sdk/Linux_x86_64/22.9/cuda/extras/CUPTI/lib64:/opt/packages/nvidia/hpc_sdk/Linux_x86_64/22.9/cuda/lib64:/ocean/projects/pscstaff/nnepal/conda/envs/cudaq-env/lib::
+ export LD_LIBRARY_PATH=/opt/packages/nvidia/hpc_sdk/Linux_x86_64/22.9/compilers/lib:/opt/packages/nvidia/hpc_sdk/Linux_x86_64/22.9/cuda/lib64:/opt/packages/nvidia/hpc_sdk/Linux_x86_64/22.9/comm_libs/openmpi4/openmpi-4.0.5/lib:/opt/packages/nvidia/hpc_sdk/Linux_x86_64/22.9/comm_libs/nvshmem/lib:/opt/packages/nvidia/hpc_sdk/Linux_x86_64/22.9/comm_libs/nccl/lib:/opt/packages/nvidia/hpc_sdk/Linux_x86_64/22.9/math_libs/lib64:/opt/packages/nvidia/hpc_sdk/Linux_x86_64/22.9/compilers/lib:/opt/packages/nvidia/hpc_sdk/Linux_x86_64/22.9/compilers/extras/qd/lib:/opt/packages/nvidia/hpc_sdk/Linux_x86_64/22.9/cuda/extras/CUPTI/lib64:/opt/packages/nvidia/hpc_sdk/Linux_x86_64/22.9/cuda/lib64:/ocean/projects/pscstaff/nnepal/conda/envs/cudaq-env/lib::
+ LD_LIBRARY_PATH=/opt/packages/nvidia/hpc_sdk/Linux_x86_64/22.9/compilers/lib:/opt/packages/nvidia/hpc_sdk/Linux_x86_64/22.9/cuda/lib64:/opt/packages/nvidia/hpc_sdk/Linux_x86_64/22.9/comm_libs/openmpi4/openmpi-4.0.5/lib:/opt/packages/nvidia/hpc_sdk/Linux_x86_64/22.9/comm_libs/nvshmem/lib:/opt/packages/nvidia/hpc_sdk/Linux_x86_64/22.9/comm_libs/nccl/lib:/opt/packages/nvidia/hpc_sdk/Linux_x86_64/22.9/math_libs/lib64:/opt/packages/nvidia/hpc_sdk/Linux_x86_64/22.9/compilers/lib:/opt/packages/nvidia/hpc_sdk/Linux_x86_64/22.9/compilers/extras/qd/lib:/opt/packages/nvidia/hpc_sdk/Linux_x86_64/22.9/cuda/extras/CUPTI/lib64:/opt/packages/nvidia/hpc_sdk/Linux_x86_64/22.9/cuda/lib64:/ocean/projects/pscstaff/nnepal/conda/envs/cudaq-env/lib::
+ export LD_LIBRARY_PATH=/opt/packages/nvidia/hpc_sdk/Linux_x86_64/22.9/math_libs/lib64:/opt/packages/nvidia/hpc_sdk/Linux_x86_64/22.9/compilers/lib:/opt/packages/nvidia/hpc_sdk/Linux_x86_64/22.9/cuda/lib64:/opt/packages/nvidia/hpc_sdk/Linux_x86_64/22.9/comm_libs/openmpi4/openmpi-4.0.5/lib:/opt/packages/nvidia/hpc_sdk/Linux_x86_64/22.9/comm_libs/nvshmem/lib:/opt/packages/nvidia/hpc_sdk/Linux_x86_64/22.9/comm_libs/nccl/lib:/opt/packages/nvidia/hpc_sdk/Linux_x86_64/22.9/math_libs/lib64:/opt/packages/nvidia/hpc_sdk/Linux_x86_64/22.9/compilers/lib:/opt/packages/nvidia/hpc_sdk/Linux_x86_64/22.9/compilers/extras/qd/lib:/opt/packages/nvidia/hpc_sdk/Linux_x86_64/22.9/cuda/extras/CUPTI/lib64:/opt/packages/nvidia/hpc_sdk/Linux_x86_64/22.9/cuda/lib64:/ocean/projects/pscstaff/nnepal/conda/envs/cudaq-env/lib::
+ LD_LIBRARY_PATH=/opt/packages/nvidia/hpc_sdk/Linux_x86_64/22.9/math_libs/lib64:/opt/packages/nvidia/hpc_sdk/Linux_x86_64/22.9/compilers/lib:/opt/packages/nvidia/hpc_sdk/Linux_x86_64/22.9/cuda/lib64:/opt/packages/nvidia/hpc_sdk/Linux_x86_64/22.9/comm_libs/openmpi4/openmpi-4.0.5/lib:/opt/packages/nvidia/hpc_sdk/Linux_x86_64/22.9/comm_libs/nvshmem/lib:/opt/packages/nvidia/hpc_sdk/Linux_x86_64/22.9/comm_libs/nccl/lib:/opt/packages/nvidia/hpc_sdk/Linux_x86_64/22.9/math_libs/lib64:/opt/packages/nvidia/hpc_sdk/Linux_x86_64/22.9/compilers/lib:/opt/packages/nvidia/hpc_sdk/Linux_x86_64/22.9/compilers/extras/qd/lib:/opt/packages/nvidia/hpc_sdk/Linux_x86_64/22.9/cuda/extras/CUPTI/lib64:/opt/packages/nvidia/hpc_sdk/Linux_x86_64/22.9/cuda/lib64:/ocean/projects/pscstaff/nnepal/conda/envs/cudaq-env/lib::
+ export LD_LIBRARY_PATH=/ocean/projects/pscstaff/nnepal/winter_compet/fftw3_nvfortran/lib:/opt/packages/nvidia/hpc_sdk/Linux_x86_64/22.9/math_libs/lib64:/opt/packages/nvidia/hpc_sdk/Linux_x86_64/22.9/compilers/lib:/opt/packages/nvidia/hpc_sdk/Linux_x86_64/22.9/cuda/lib64:/opt/packages/nvidia/hpc_sdk/Linux_x86_64/22.9/comm_libs/openmpi4/openmpi-4.0.5/lib:/opt/packages/nvidia/hpc_sdk/Linux_x86_64/22.9/comm_libs/nvshmem/lib:/opt/packages/nvidia/hpc_sdk/Linux_x86_64/22.9/comm_libs/nccl/lib:/opt/packages/nvidia/hpc_sdk/Linux_x86_64/22.9/math_libs/lib64:/opt/packages/nvidia/hpc_sdk/Linux_x86_64/22.9/compilers/lib:/opt/packages/nvidia/hpc_sdk/Linux_x86_64/22.9/compilers/extras/qd/lib:/opt/packages/nvidia/hpc_sdk/Linux_x86_64/22.9/cuda/extras/CUPTI/lib64:/opt/packages/nvidia/hpc_sdk/Linux_x86_64/22.9/cuda/lib64:/ocean/projects/pscstaff/nnepal/conda/envs/cudaq-env/lib::
+ LD_LIBRARY_PATH=/ocean/projects/pscstaff/nnepal/winter_compet/fftw3_nvfortran/lib:/opt/packages/nvidia/hpc_sdk/Linux_x86_64/22.9/math_libs/lib64:/opt/packages/nvidia/hpc_sdk/Linux_x86_64/22.9/compilers/lib:/opt/packages/nvidia/hpc_sdk/Linux_x86_64/22.9/cuda/lib64:/opt/packages/nvidia/hpc_sdk/Linux_x86_64/22.9/comm_libs/openmpi4/openmpi-4.0.5/lib:/opt/packages/nvidia/hpc_sdk/Linux_x86_64/22.9/comm_libs/nvshmem/lib:/opt/packages/nvidia/hpc_sdk/Linux_x86_64/22.9/comm_libs/nccl/lib:/opt/packages/nvidia/hpc_sdk/Linux_x86_64/22.9/math_libs/lib64:/opt/packages/nvidia/hpc_sdk/Linux_x86_64/22.9/compilers/lib:/opt/packages/nvidia/hpc_sdk/Linux_x86_64/22.9/compilers/extras/qd/lib:/opt/packages/nvidia/hpc_sdk/Linux_x86_64/22.9/cuda/extras/CUPTI/lib64:/opt/packages/nvidia/hpc_sdk/Linux_x86_64/22.9/cuda/lib64:/ocean/projects/pscstaff/nnepal/conda/envs/cudaq-env/lib::
+ export OMP_NUM_THREADS=10
+ OMP_NUM_THREADS=10
+ export OMPI_MCA_pml=ob1
+ OMPI_MCA_pml=ob1
+ export OMPI_MCA_btl=tcp,self,vader
+ OMPI_MCA_btl=tcp,self,vader
+ echo 'Running with 2 tasks'
Running with 2 tasks
+ mpirun -np 2 /ocean/projects/pscstaff/nnepal/winter_compet/qe-7.3.1-4/bin/pw.x -npools 2 -in pw.in
Warning: ieee_divide_by_zero is signaling
Warning: ieee_inexact is signaling
FORTRAN STOP
Warning: ieee_divide_by_zero is signaling
Warning: ieee_inexact is signaling
FORTRAN STOP
